I'm sorry, but errors were detected in your script. Please correct the
errors listed below, and try again.


File "game/script.rpy", line 42: end of line expected.
    father "This way, sir." extend
                            ^

Ren'Py Version: Ren'Py 8.1.3.23091805
Tue Dec 26 16:06:20 2023
